
  VITE v8.3.3  ready in 245 ms

  ➜  Local:   http://localhost:5179/
  ➜  Network: use --host to expose
6:45:28 PM [vite] (client) hmr update /src/styles.css
6:46:33 PM [vite] (client) hmr update /src/components/ExportMenu.tsx
6:46:33 PM [vite] (client) hmr update /src/components/Home.tsx
6:46:33 PM [vite] (client) hmr update /src/components/Settings.tsx
6:46:33 PM [vite] (client) hmr update /src/components/TopBar.tsx
6:46:33 PM [vite] (client) hmr update /src/components/ExportMenu.tsx
6:46:33 PM [vite] (client) page reload src/i18n/en.ts
6:46:33 PM [vite] (client) page reload src/i18n/fr.ts
6:46:33 PM [vite] (client) hmr update /src/App.tsx, /src/components/TopBar.tsx, /src/components/Toile.tsx, /src/components/Bible.tsx, /src/components/ScreenplayView.tsx, /src/components/Sequencier.tsx, /src/components/Plan.tsx, /src/components/Manuscript.tsx, /src/components/Home.tsx, /src/components/Tour.tsx, /src/components/Dialogs.tsx, /src/components/TrashList.tsx, /src/components/ExportMenu.tsx, /src/components/AiMenu.tsx, /src/components/Search.tsx, /src/components/CardNode.tsx, /src/components/ProjectCover.tsx and 15 more
6:46:33 PM [vite] (client) page reload src/settings.ts
6:46:33 PM [vite] (client) hmr update /src/styles.css
6:47:08 PM [vite] (client) hmr update /src/components/ExportMenu.tsx
6:47:08 PM [vite] (client) hmr update /src/components/Home.tsx
6:47:08 PM [vite] (client) hmr update /src/components/Settings.tsx
6:47:08 PM [vite] (client) hmr update /src/components/ExportMenu.tsx
6:47:08 PM [vite] (client) page reload src/i18n/en.ts
6:47:08 PM [vite] (client) page reload src/i18n/fr.ts
6:47:08 PM [vite] (client) hmr update /src/App.tsx, /src/components/TopBar.tsx, /src/components/Toile.tsx, /src/components/Bible.tsx, /src/components/ScreenplayView.tsx, /src/components/Sequencier.tsx, /src/components/Plan.tsx, /src/components/Manuscript.tsx, /src/components/Home.tsx, /src/components/Tour.tsx, /src/components/Dialogs.tsx, /src/components/TrashList.tsx, /src/components/ExportMenu.tsx, /src/components/AiMenu.tsx, /src/components/Search.tsx, /src/components/CardNode.tsx, /src/components/ProjectCover.tsx and 15 more
6:47:08 PM [vite] (client) page reload src/settings.ts
6:47:08 PM [vite] (client) hmr update /src/styles.css
6:47:08 PM [vite] (client) hmr update /src/components/TopBar.tsx
6:47:25 PM [vite] (client) hmr update /src/styles.css
6:48:04 PM [vite] (client) hmr update /src/styles/writing.css
6:48:52 PM [vite] (client) hmr update /src/styles/writing.css
6:49:18 PM [vite] (client) hmr update /src/styles.css
6:49:58 PM [vite] (client) hmr update /src/components/Dialogs.tsx
